---
source: src/tui/detail.rs
expression: text
---
                                                                                                    
                                                                                                    
                                                                                                    
                                                                                                    
                                                                                                    
                                                                                                    
           ┌SESSION────────────────────────────────────────────────────────────────────┐            
           │ untitled                                                                  │            
           │ id      ses-detail-0001                                                   │            
           │ cwd     unknown                                                           │            
           │ via     claude → anthropic_sub                                            │            
           │ model   asked claude-opus-5, sent claude-opus-5-5, served claude-opus-5-5 │            
           │ forced  claude-opus-5 → claude-opus-5-5                                   │            
           │ context 52,000 / 1,000,000 (5%), hand-verified; peak 52,000               │            
           │         12 messages, - compactions                                        │            
           │ window  2 requests, output 1,800                                          │            
           │ session 2 requests since 03:31, last 1m                                   │            
           │         in 92,000, out 1,800, cache read 0                                │            
           │ gate    armed; 5h 40% resets 04:33; 7d 31% resets Sun 03:33               │            
           │ held    nothing                                                           │            
           │                                                                           │            
           │ [o] over   [b] burn   [x] nothing held   [esc] dismiss                    │            
           └───────────────────────────────────────────────────────────────────────────┘
